// Jest Snapshot v1, https://goo.gl/fbAQLP

exports[`JobCard should render JobCard 1`] = `
ShallowWrapper {
  Symbol(enzyme.__root__): [Circular],
  Symbol(enzyme.__unrendered__): <Job
    history={
      Object {
        "action": "POP",
        "block": [Function],
        "createHref": [Function],
        "go": [Function],
        "goBack": [Function],
        "goForward": [Function],
        "length": 1,
        "listen": [Function],
        "location": Object {
          "hash": "",
          "pathname": "/",
          "search": "",
          "state": undefined,
        },
        "push": [Function],
        "replace": [Function],
      }
    }
    location={
      Object {
        "state": Object {
          "_id": "5c97b9cd0328e6b2aa76a361",
          "address": "address",
          "agent": "5c686e904cb1b33456b0be58",
          "date": "2019-05-26T00:00:00.000Z",
          "description": "some description",
          "model": "5c686eb24cb1b33456b0be59",
          "pay": 100,
          "status": "pending",
          "title": "Test",
        },
      }
    }
  />,
  Symbol(enzyme.__renderer__): Object {
    "batchedUpdates": [Function],
    "checkPropTypes": [Function],
    "getNode": [Function],
    "render": [Function],
    "simulateError": [Function],
    "simulateEvent": [Function],
    "unmount": [Function],
  },
  Symbol(enzyme.__node__): Object {
    "instance": null,
    "key": undefined,
    "nodeType": "host",
    "props": Object {
      "children": Array [
        <PageHeader
          backButton={true}
          history={
            Object {
              "action": "POP",
              "block": [Function],
              "createHref": [Function],
              "go": [Function],
              "goBack": [Function],
              "goForward": [Function],
              "length": 1,
              "listen": [Function],
              "location": Object {
                "hash": "",
                "pathname": "/",
                "search": "",
                "state": undefined,
              },
              "push": [Function],
              "replace": [Function],
            }
          }
          title="Test"
        />,
        <h2
          className="status"
        >
          pending
        </h2>,
        <div
          className="job-details"
        >
          <ul>
            <li>
              <ForwardRef />
              5/26/2019
            </li>
            <li>
              <ForwardRef />
              address
            </li>
            <li>
              <ForwardRef />
              100
            </li>
            <li>
              <ForwardRef />
              some description
            </li>
          </ul>
        </div>,
        false,
      ],
      "className": "page job",
    },
    "ref": null,
    "rendered": Array [
      Object {
        "instance": null,
        "key": undefined,
        "nodeType": "class",
        "props": Object {
          "action": undefined,
          "actionAltText": undefined,
          "actionIcon": undefined,
          "backButton": true,
          "goBackAction": undefined,
          "history": Object {
            "action": "POP",
            "block": [Function],
            "createHref": [Function],
            "go": [Function],
            "goBack": [Function],
            "goForward": [Function],
            "length": 1,
            "listen": [Function],
            "location": Object {
              "hash": "",
              "pathname": "/",
              "search": "",
              "state": undefined,
            },
            "push": [Function],
            "replace": [Function],
          },
          "title": "Test",
        },
        "ref": null,
        "rendered": null,
        "type": [Function],
      },
      Object {
        "instance": null,
        "key": undefined,
        "nodeType": "host",
        "props": Object {
          "children": "pending",
          "className": "status",
        },
        "ref": null,
        "rendered": "pending",
        "type": "h2",
      },
      Object {
        "instance": null,
        "key": undefined,
        "nodeType": "host",
        "props": Object {
          "children": Array [
            <ul>
              <li>
                <ForwardRef />
                5/26/2019
              </li>
              <li>
                <ForwardRef />
                address
              </li>
              <li>
                <ForwardRef />
                100
              </li>
              <li>
                <ForwardRef />
                some description
              </li>
            </ul>,
            false,
          ],
          "className": "job-details",
        },
        "ref": null,
        "rendered": Array [
          Object {
            "instance": null,
            "key": undefined,
            "nodeType": "host",
            "props": Object {
              "children": Array [
                <li>
                  <ForwardRef />
                  5/26/2019
                </li>,
                <li>
                  <ForwardRef />
                  address
                </li>,
                <li>
                  <ForwardRef />
                  100
                </li>,
                <li>
                  <ForwardRef />
                  some description
                </li>,
              ],
            },
            "ref": null,
            "rendered": Array [
              Object {
                "instance": null,
                "key": undefined,
                "nodeType": "host",
                "props": Object {
                  "children": Array [
                    <ForwardRef />,
                    "5/26/2019",
                  ],
                },
                "ref": null,
                "rendered": Array [
                  Object {
                    "instance": null,
                    "key": undefined,
                    "nodeType": "function",
                    "props": Object {},
                    "ref": null,
                    "rendered": null,
                    "type": Object {
                      "$$typeof": Symbol(react.forward_ref),
                      "render": [Function],
                    },
                  },
                  "5/26/2019",
                ],
                "type": "li",
              },
              Object {
                "instance": null,
                "key": undefined,
                "nodeType": "host",
                "props": Object {
                  "children": Array [
                    <ForwardRef />,
                    "address",
                  ],
                },
                "ref": null,
                "rendered": Array [
                  Object {
                    "instance": null,
                    "key": undefined,
                    "nodeType": "function",
                    "props": Object {},
                    "ref": null,
                    "rendered": null,
                    "type": Object {
                      "$$typeof": Symbol(react.forward_ref),
                      "render": [Function],
                    },
                  },
                  "address",
                ],
                "type": "li",
              },
              Object {
                "instance": null,
                "key": undefined,
                "nodeType": "host",
                "props": Object {
                  "children": Array [
                    <ForwardRef />,
                    100,
                  ],
                },
                "ref": null,
                "rendered": Array [
                  Object {
                    "instance": null,
                    "key": undefined,
                    "nodeType": "function",
                    "props": Object {},
                    "ref": null,
                    "rendered": null,
                    "type": Object {
                      "$$typeof": Symbol(react.forward_ref),
                      "render": [Function],
                    },
                  },
                  100,
                ],
                "type": "li",
              },
              Object {
                "instance": null,
                "key": undefined,
                "nodeType": "host",
                "props": Object {
                  "children": Array [
                    <ForwardRef />,
                    "some description",
                  ],
                },
                "ref": null,
                "rendered": Array [
                  Object {
                    "instance": null,
                    "key": undefined,
                    "nodeType": "function",
                    "props": Object {},
                    "ref": null,
                    "rendered": null,
                    "type": Object {
                      "$$typeof": Symbol(react.forward_ref),
                      "render": [Function],
                    },
                  },
                  "some description",
                ],
                "type": "li",
              },
            ],
            "type": "ul",
          },
          false,
        ],
        "type": "div",
      },
      false,
    ],
    "type": "div",
  },
  Symbol(enzyme.__nodes__): Array [
    Object {
      "instance": null,
      "key": undefined,
      "nodeType": "host",
      "props": Object {
        "children": Array [
          <PageHeader
            backButton={true}
            history={
              Object {
                "action": "POP",
                "block": [Function],
                "createHref": [Function],
                "go": [Function],
                "goBack": [Function],
                "goForward": [Function],
                "length": 1,
                "listen": [Function],
                "location": Object {
                  "hash": "",
                  "pathname": "/",
                  "search": "",
                  "state": undefined,
                },
                "push": [Function],
                "replace": [Function],
              }
            }
            title="Test"
          />,
          <h2
            className="status"
          >
            pending
          </h2>,
          <div
            className="job-details"
          >
            <ul>
              <li>
                <ForwardRef />
                5/26/2019
              </li>
              <li>
                <ForwardRef />
                address
              </li>
              <li>
                <ForwardRef />
                100
              </li>
              <li>
                <ForwardRef />
                some description
              </li>
            </ul>
          </div>,
          false,
        ],
        "className": "page job",
      },
      "ref": null,
      "rendered": Array [
        Object {
          "instance": null,
          "key": undefined,
          "nodeType": "class",
          "props": Object {
            "action": undefined,
            "actionAltText": undefined,
            "actionIcon": undefined,
            "backButton": true,
            "goBackAction": undefined,
            "history": Object {
              "action": "POP",
              "block": [Function],
              "createHref": [Function],
              "go": [Function],
              "goBack": [Function],
              "goForward": [Function],
              "length": 1,
              "listen": [Function],
              "location": Object {
                "hash": "",
                "pathname": "/",
                "search": "",
                "state": undefined,
              },
              "push": [Function],
              "replace": [Function],
            },
            "title": "Test",
          },
          "ref": null,
          "rendered": null,
          "type": [Function],
        },
        Object {
          "instance": null,
          "key": undefined,
          "nodeType": "host",
          "props": Object {
            "children": "pending",
            "className": "status",
          },
          "ref": null,
          "rendered": "pending",
          "type": "h2",
        },
        Object {
          "instance": null,
          "key": undefined,
          "nodeType": "host",
          "props": Object {
            "children": Array [
              <ul>
                <li>
                  <ForwardRef />
                  5/26/2019
                </li>
                <li>
                  <ForwardRef />
                  address
                </li>
                <li>
                  <ForwardRef />
                  100
                </li>
                <li>
                  <ForwardRef />
                  some description
                </li>
              </ul>,
              false,
            ],
            "className": "job-details",
          },
          "ref": null,
          "rendered": Array [
            Object {
              "instance": null,
              "key": undefined,
              "nodeType": "host",
              "props": Object {
                "children": Array [
                  <li>
                    <ForwardRef />
                    5/26/2019
                  </li>,
                  <li>
                    <ForwardRef />
                    address
                  </li>,
                  <li>
                    <ForwardRef />
                    100
                  </li>,
                  <li>
                    <ForwardRef />
                    some description
                  </li>,
                ],
              },
              "ref": null,
              "rendered": Array [
                Object {
                  "instance": null,
                  "key": undefined,
                  "nodeType": "host",
                  "props": Object {
                    "children": Array [
                      <ForwardRef />,
                      "5/26/2019",
                    ],
                  },
                  "ref": null,
                  "rendered": Array [
                    Object {
                      "instance": null,
                      "key": undefined,
                      "nodeType": "function",
                      "props": Object {},
                      "ref": null,
                      "rendered": null,
                      "type": Object {
                        "$$typeof": Symbol(react.forward_ref),
                        "render": [Function],
                      },
                    },
                    "5/26/2019",
                  ],
                  "type": "li",
                },
                Object {
                  "instance": null,
                  "key": undefined,
                  "nodeType": "host",
                  "props": Object {
                    "children": Array [
                      <ForwardRef />,
                      "address",
                    ],
                  },
                  "ref": null,
                  "rendered": Array [
                    Object {
                      "instance": null,
                      "key": undefined,
                      "nodeType": "function",
                      "props": Object {},
                      "ref": null,
                      "rendered": null,
                      "type": Object {
                        "$$typeof": Symbol(react.forward_ref),
                        "render": [Function],
                      },
                    },
                    "address",
                  ],
                  "type": "li",
                },
                Object {
                  "instance": null,
                  "key": undefined,
                  "nodeType": "host",
                  "props": Object {
                    "children": Array [
                      <ForwardRef />,
                      100,
                    ],
                  },
                  "ref": null,
                  "rendered": Array [
                    Object {
                      "instance": null,
                      "key": undefined,
                      "nodeType": "function",
                      "props": Object {},
                      "ref": null,
                      "rendered": null,
                      "type": Object {
                        "$$typeof": Symbol(react.forward_ref),
                        "render": [Function],
                      },
                    },
                    100,
                  ],
                  "type": "li",
                },
                Object {
                  "instance": null,
                  "key": undefined,
                  "nodeType": "host",
                  "props": Object {
                    "children": Array [
                      <ForwardRef />,
                      "some description",
                    ],
                  },
                  "ref": null,
                  "rendered": Array [
                    Object {
                      "instance": null,
                      "key": undefined,
                      "nodeType": "function",
                      "props": Object {},
                      "ref": null,
                      "rendered": null,
                      "type": Object {
                        "$$typeof": Symbol(react.forward_ref),
                        "render": [Function],
                      },
                    },
                    "some description",
                  ],
                  "type": "li",
                },
              ],
              "type": "ul",
            },
            false,
          ],
          "type": "div",
        },
        false,
      ],
      "type": "div",
    },
  ],
  Symbol(enzyme.__options__): Object {
    "adapter": ReactSixteenAdapter {
      "options": Object {
        "enableComponentDidUpdateOnSetState": true,
        "legacyContextMode": "parent",
        "lifecycles": Object {
          "componentDidUpdate": Object {
            "onSetState": true,
          },
          "getChildContext": Object {
            "calledByRenderer": false,
          },
          "getDerivedStateFromProps": Object {
            "hasShouldComponentUpdateBug": false,
          },
          "getSnapshotBeforeUpdate": true,
          "setState": Object {
            "skipsComponentDidUpdateOnNullish": true,
          },
        },
      },
    },
    "context": Object {
      "user": Object {
        "role": "agent",
      },
    },
  },
  Symbol(enzyme.__childContext__): null,
}
`;
