// Jest Snapshot v1, https://goo.gl/fbAQLP

exports[`Main should render Main 1`] = `
ShallowWrapper {
  Symbol(enzyme.__root__): [Circular],
  Symbol(enzyme.__unrendered__): <Main
    user={
      Object {
        "role": "agent",
      }
    }
  />,
  Symbol(enzyme.__renderer__): Object {
    "batchedUpdates": [Function],
    "checkPropTypes": [Function],
    "getNode": [Function],
    "render": [Function],
    "simulateError": [Function],
    "simulateEvent": [Function],
    "unmount": [Function],
  },
  Symbol(enzyme.__node__): Object {
    "instance": null,
    "key": undefined,
    "nodeType": "class",
    "props": Object {
      "children": Array [
        <Redirect
          exact={true}
          from="/"
          push={false}
          to="/jobs"
        />,
        <Route
          component={[Function]}
          path="/signup"
        />,
        <Route
          component={[Function]}
          path="/login"
        />,
        <ProtectedRoute
          component={[Function]}
          exact={true}
          path="/jobs"
        />,
        <ProtectedRoute
          component={[Function]}
          exact={true}
          path="/models"
        />,
        <ProtectedRoute
          component={[Function]}
          path="/jobs/new"
        />,
        <ProtectedRoute
          component={[Function]}
          exact={true}
          path="/chats"
        />,
        <ProtectedRoute
          component={[Function]}
          path="/profile"
        />,
        <ProtectedRoute
          component={[Function]}
          path="/add-model"
        />,
        <ProtectedRoute
          component={[Function]}
          path="/jobs/:id"
        />,
        <ProtectedRoute
          component={[Function]}
          path="/models/:id"
        />,
        <ProtectedRoute
          component={[Function]}
          path="/chats/:id"
        />,
        <Route
          component={[Function]}
        />,
      ],
    },
    "ref": null,
    "rendered": Array [
      Object {
        "instance": null,
        "key": undefined,
        "nodeType": "class",
        "props": Object {
          "exact": true,
          "from": "/",
          "push": false,
          "to": "/jobs",
        },
        "ref": null,
        "rendered": null,
        "type": [Function],
      },
      Object {
        "instance": null,
        "key": undefined,
        "nodeType": "class",
        "props": Object {
          "component": [Function],
          "path": "/signup",
        },
        "ref": null,
        "rendered": null,
        "type": [Function],
      },
      Object {
        "instance": null,
        "key": undefined,
        "nodeType": "class",
        "props": Object {
          "component": [Function],
          "path": "/login",
        },
        "ref": null,
        "rendered": null,
        "type": [Function],
      },
      Object {
        "instance": null,
        "key": undefined,
        "nodeType": "function",
        "props": Object {
          "component": [Function],
          "exact": true,
          "path": "/jobs",
        },
        "ref": null,
        "rendered": null,
        "type": [Function],
      },
      Object {
        "instance": null,
        "key": undefined,
        "nodeType": "function",
        "props": Object {
          "component": [Function],
          "exact": true,
          "path": "/models",
        },
        "ref": null,
        "rendered": null,
        "type": [Function],
      },
      Object {
        "instance": null,
        "key": undefined,
        "nodeType": "function",
        "props": Object {
          "component": [Function],
          "path": "/jobs/new",
        },
        "ref": null,
        "rendered": null,
        "type": [Function],
      },
      Object {
        "instance": null,
        "key": undefined,
        "nodeType": "function",
        "props": Object {
          "component": [Function],
          "exact": true,
          "path": "/chats",
        },
        "ref": null,
        "rendered": null,
        "type": [Function],
      },
      Object {
        "instance": null,
        "key": undefined,
        "nodeType": "function",
        "props": Object {
          "component": [Function],
          "path": "/profile",
        },
        "ref": null,
        "rendered": null,
        "type": [Function],
      },
      Object {
        "instance": null,
        "key": undefined,
        "nodeType": "function",
        "props": Object {
          "component": [Function],
          "path": "/add-model",
        },
        "ref": null,
        "rendered": null,
        "type": [Function],
      },
      Object {
        "instance": null,
        "key": undefined,
        "nodeType": "function",
        "props": Object {
          "component": [Function],
          "path": "/jobs/:id",
        },
        "ref": null,
        "rendered": null,
        "type": [Function],
      },
      Object {
        "instance": null,
        "key": undefined,
        "nodeType": "function",
        "props": Object {
          "component": [Function],
          "path": "/models/:id",
        },
        "ref": null,
        "rendered": null,
        "type": [Function],
      },
      Object {
        "instance": null,
        "key": undefined,
        "nodeType": "function",
        "props": Object {
          "component": [Function],
          "path": "/chats/:id",
        },
        "ref": null,
        "rendered": null,
        "type": [Function],
      },
      Object {
        "instance": null,
        "key": undefined,
        "nodeType": "class",
        "props": Object {
          "component": [Function],
        },
        "ref": null,
        "rendered": null,
        "type": [Function],
      },
    ],
    "type": [Function],
  },
  Symbol(enzyme.__nodes__): Array [
    Object {
      "instance": null,
      "key": undefined,
      "nodeType": "class",
      "props": Object {
        "children": Array [
          <Redirect
            exact={true}
            from="/"
            push={false}
            to="/jobs"
          />,
          <Route
            component={[Function]}
            path="/signup"
          />,
          <Route
            component={[Function]}
            path="/login"
          />,
          <ProtectedRoute
            component={[Function]}
            exact={true}
            path="/jobs"
          />,
          <ProtectedRoute
            component={[Function]}
            exact={true}
            path="/models"
          />,
          <ProtectedRoute
            component={[Function]}
            path="/jobs/new"
          />,
          <ProtectedRoute
            component={[Function]}
            exact={true}
            path="/chats"
          />,
          <ProtectedRoute
            component={[Function]}
            path="/profile"
          />,
          <ProtectedRoute
            component={[Function]}
            path="/add-model"
          />,
          <ProtectedRoute
            component={[Function]}
            path="/jobs/:id"
          />,
          <ProtectedRoute
            component={[Function]}
            path="/models/:id"
          />,
          <ProtectedRoute
            component={[Function]}
            path="/chats/:id"
          />,
          <Route
            component={[Function]}
          />,
        ],
      },
      "ref": null,
      "rendered": Array [
        Object {
          "instance": null,
          "key": undefined,
          "nodeType": "class",
          "props": Object {
            "exact": true,
            "from": "/",
            "push": false,
            "to": "/jobs",
          },
          "ref": null,
          "rendered": null,
          "type": [Function],
        },
        Object {
          "instance": null,
          "key": undefined,
          "nodeType": "class",
          "props": Object {
            "component": [Function],
            "path": "/signup",
          },
          "ref": null,
          "rendered": null,
          "type": [Function],
        },
        Object {
          "instance": null,
          "key": undefined,
          "nodeType": "class",
          "props": Object {
            "component": [Function],
            "path": "/login",
          },
          "ref": null,
          "rendered": null,
          "type": [Function],
        },
        Object {
          "instance": null,
          "key": undefined,
          "nodeType": "function",
          "props": Object {
            "component": [Function],
            "exact": true,
            "path": "/jobs",
          },
          "ref": null,
          "rendered": null,
          "type": [Function],
        },
        Object {
          "instance": null,
          "key": undefined,
          "nodeType": "function",
          "props": Object {
            "component": [Function],
            "exact": true,
            "path": "/models",
          },
          "ref": null,
          "rendered": null,
          "type": [Function],
        },
        Object {
          "instance": null,
          "key": undefined,
          "nodeType": "function",
          "props": Object {
            "component": [Function],
            "path": "/jobs/new",
          },
          "ref": null,
          "rendered": null,
          "type": [Function],
        },
        Object {
          "instance": null,
          "key": undefined,
          "nodeType": "function",
          "props": Object {
            "component": [Function],
            "exact": true,
            "path": "/chats",
          },
          "ref": null,
          "rendered": null,
          "type": [Function],
        },
        Object {
          "instance": null,
          "key": undefined,
          "nodeType": "function",
          "props": Object {
            "component": [Function],
            "path": "/profile",
          },
          "ref": null,
          "rendered": null,
          "type": [Function],
        },
        Object {
          "instance": null,
          "key": undefined,
          "nodeType": "function",
          "props": Object {
            "component": [Function],
            "path": "/add-model",
          },
          "ref": null,
          "rendered": null,
          "type": [Function],
        },
        Object {
          "instance": null,
          "key": undefined,
          "nodeType": "function",
          "props": Object {
            "component": [Function],
            "path": "/jobs/:id",
          },
          "ref": null,
          "rendered": null,
          "type": [Function],
        },
        Object {
          "instance": null,
          "key": undefined,
          "nodeType": "function",
          "props": Object {
            "component": [Function],
            "path": "/models/:id",
          },
          "ref": null,
          "rendered": null,
          "type": [Function],
        },
        Object {
          "instance": null,
          "key": undefined,
          "nodeType": "function",
          "props": Object {
            "component": [Function],
            "path": "/chats/:id",
          },
          "ref": null,
          "rendered": null,
          "type": [Function],
        },
        Object {
          "instance": null,
          "key": undefined,
          "nodeType": "class",
          "props": Object {
            "component": [Function],
          },
          "ref": null,
          "rendered": null,
          "type": [Function],
        },
      ],
      "type": [Function],
    },
  ],
  Symbol(enzyme.__options__): Object {
    "adapter": ReactSixteenAdapter {
      "options": Object {
        "enableComponentDidUpdateOnSetState": true,
        "legacyContextMode": "parent",
        "lifecycles": Object {
          "componentDidUpdate": Object {
            "onSetState": true,
          },
          "getChildContext": Object {
            "calledByRenderer": false,
          },
          "getDerivedStateFromProps": Object {
            "hasShouldComponentUpdateBug": false,
          },
          "getSnapshotBeforeUpdate": true,
          "setState": Object {
            "skipsComponentDidUpdateOnNullish": true,
          },
        },
      },
    },
  },
}
`;
