// Jest Snapshot v1, https://goo.gl/fbAQLP

exports[`ModelCard should render ModelCard 1`] = `
ShallowWrapper {
  Symbol(enzyme.__root__): [Circular],
  Symbol(enzyme.__unrendered__): <ModelCard
    model={
      Object {
        "_id": "1",
        "email": "email@email.com",
        "name": "name",
      }
    }
  />,
  Symbol(enzyme.__renderer__): Object {
    "batchedUpdates": [Function],
    "checkPropTypes": [Function],
    "getNode": [Function],
    "render": [Function],
    "simulateError": [Function],
    "simulateEvent": [Function],
    "unmount": [Function],
  },
  Symbol(enzyme.__node__): Object {
    "instance": null,
    "key": undefined,
    "nodeType": "function",
    "props": Object {
      "children": <button
        className="model-card-action"
        onClick={[Function]}
        type="submit"
      >
        <div
          className="model-card"
        >
          <ForwardRef />
          <p>
            name
          </p>
        </div>
      </button>,
    },
    "ref": null,
    "rendered": Object {
      "instance": null,
      "key": undefined,
      "nodeType": "host",
      "props": Object {
        "children": <div
          className="model-card"
        >
          <ForwardRef />
          <p>
            name
          </p>
        </div>,
        "className": "model-card-action",
        "onClick": [Function],
        "type": "submit",
      },
      "ref": null,
      "rendered": Object {
        "instance": null,
        "key": undefined,
        "nodeType": "host",
        "props": Object {
          "children": Array [
            <ForwardRef />,
            <p>
              name
            </p>,
          ],
          "className": "model-card",
        },
        "ref": null,
        "rendered": Array [
          Object {
            "instance": null,
            "key": undefined,
            "nodeType": "function",
            "props": Object {},
            "ref": null,
            "rendered": null,
            "type": Object {
              "$$typeof": Symbol(react.forward_ref),
              "render": [Function],
            },
          },
          Object {
            "instance": null,
            "key": undefined,
            "nodeType": "host",
            "props": Object {
              "children": "name",
            },
            "ref": null,
            "rendered": "name",
            "type": "p",
          },
        ],
        "type": "div",
      },
      "type": "button",
    },
    "type": Symbol(react.fragment),
  },
  Symbol(enzyme.__nodes__): Array [
    Object {
      "instance": null,
      "key": undefined,
      "nodeType": "function",
      "props": Object {
        "children": <button
          className="model-card-action"
          onClick={[Function]}
          type="submit"
        >
          <div
            className="model-card"
          >
            <ForwardRef />
            <p>
              name
            </p>
          </div>
        </button>,
      },
      "ref": null,
      "rendered": Object {
        "instance": null,
        "key": undefined,
        "nodeType": "host",
        "props": Object {
          "children": <div
            className="model-card"
          >
            <ForwardRef />
            <p>
              name
            </p>
          </div>,
          "className": "model-card-action",
          "onClick": [Function],
          "type": "submit",
        },
        "ref": null,
        "rendered": Object {
          "instance": null,
          "key": undefined,
          "nodeType": "host",
          "props": Object {
            "children": Array [
              <ForwardRef />,
              <p>
                name
              </p>,
            ],
            "className": "model-card",
          },
          "ref": null,
          "rendered": Array [
            Object {
              "instance": null,
              "key": undefined,
              "nodeType": "function",
              "props": Object {},
              "ref": null,
              "rendered": null,
              "type": Object {
                "$$typeof": Symbol(react.forward_ref),
                "render": [Function],
              },
            },
            Object {
              "instance": null,
              "key": undefined,
              "nodeType": "host",
              "props": Object {
                "children": "name",
              },
              "ref": null,
              "rendered": "name",
              "type": "p",
            },
          ],
          "type": "div",
        },
        "type": "button",
      },
      "type": Symbol(react.fragment),
    },
  ],
  Symbol(enzyme.__options__): Object {
    "adapter": ReactSixteenAdapter {
      "options": Object {
        "enableComponentDidUpdateOnSetState": true,
        "legacyContextMode": "parent",
        "lifecycles": Object {
          "componentDidUpdate": Object {
            "onSetState": true,
          },
          "getChildContext": Object {
            "calledByRenderer": false,
          },
          "getDerivedStateFromProps": Object {
            "hasShouldComponentUpdateBug": false,
          },
          "getSnapshotBeforeUpdate": true,
          "setState": Object {
            "skipsComponentDidUpdateOnNullish": true,
          },
        },
      },
    },
    "context": Object {
      "selectModel": [MockFunction],
    },
  },
  Symbol(enzyme.__childContext__): null,
}
`;
